部署,対象年月,所属人数,総出勤日数,総欠勤日数,総労働時間,総残業時間,平均出勤率
開発部,2024-01,5,110,10,800.00,100.00,92.0%
営業部,2024-01,3,66,0,528.00,108.00,98.5%