社員ID,氏名,部署,対象年月,出勤日数,欠勤日数,遅刻回数,早退回数,総労働時間,所定労働時間,残業時間,深夜労働時間,有給取得日数
EMP001,田中太郎,開発部,2024-01,20,1,2,1,160.00,160.00,20.00,0.00,1.0
EMP002,佐藤花子,営業部,2024-01,22,0,0,0,176.00,160.00,36.00,0.00,0.0
EMP003,高橋次郎,総務部,2024-01,19,1,1,0,152.00,160.00,12.00,0.00,2.0